2026-02-23 12:32:15 | INFO | Loaded data from /work/Thesis/Master-s-thesis/code/data/cleaning-scripts/../aggregated/aggregated_15min.csv with shape (15899, 53)
2026-02-23 12:32:15 | INFO | Added 'Days Since Last Cleaning' feature. First values in January:
2026-02-23 12:32:15 | INFO |                           window_start  Days Since Last Cleaning
window_start                                                    
2024-01-04   2024-01-04 08:45:00+00:00                  0.364583
2024-01-05   2024-01-05 00:00:00+00:00                  1.000000
2024-01-06   2024-01-06 00:00:00+00:00                  2.000000
2024-01-07   2024-01-07 09:15:00+00:00                  3.385417
2024-01-08   2024-01-08 23:30:00+00:00                  4.979167
2024-01-09   2024-01-09 00:30:00+00:00                  5.020833
2024-01-11   2024-01-11 22:00:00+00:00                  7.916667
2024-01-12   2024-01-12 00:00:00+00:00                  8.000000
2024-01-13   2024-01-13 01:00:00+00:00                  9.041667
2024-01-14   2024-01-14 00:00:00+00:00                 10.000000
2024-01-15   2024-01-15 00:00:00+00:00                 11.000000
2024-01-16   2024-01-16 00:00:00+00:00                 12.000000
2024-01-17   2024-01-17 00:00:00+00:00                 13.000000
2024-01-18   2024-01-18 00:45:00+00:00                 14.031250
2024-01-19   2024-01-19 00:00:00+00:00                 15.000000
2024-01-20   2024-01-20 00:00:00+00:00                 16.000000
2024-01-21   2024-01-21 00:00:00+00:00                 17.000000
2024-01-28   2024-01-28 22:30:00+00:00                 24.937500
2024-01-29   2024-01-29 09:00:00+00:00                 25.375000
2026-02-23 12:32:17 | INFO | Saved data with engineered features to /work/Thesis/Master-s-thesis/code/data/cleaning-scripts/../engineered/engineered_features_15min.csv
2026-02-23 12:32:17 | INFO | Added 4 new columns: ['Avg Draft (Calculated)', 'Days Since Last Cleaning', 'Draft Trim (Calculated)', 'Speed Through Water^3 (Calculated)']
